Fricas:
      .
   "***1,2,3: training_inputs, training_weights, training_outputs..."

        +0.0  0.0  1.0+
        |             |
        |1.0  1.0  1.0|
   (6)  |             |
        |1.0  0.0  1.0|
        |             |
        +0.0  1.0  1.0+


        + 28.0481130712_7011355 +
        |                       |
   (8)  |0.1327837624_2849829391|
        |                       |
        +0.2817845294_6177987168+

        +0.0+
        |   |
        |1.0|
   (9)  |   |
        |1.0|
        |   |
        +0.0+

   (11)  "***4,5. OUTPUT and WEIGHTS after training:"

         +0.0047971791_8477415490_6 +
         |                          |
         | 0.9999999995_5566229316  |
   (12)  |                          |
         | 0.9999999998_6329483513  |
         |                          |
         +0.0014808208_0288092046_41+

         + 28.0481130712_70115607 +
         |                        |
   (13)  |- 1.1787605386_064158652|
         |                        |
         +- 5.3349435731_858683455+

   (14)
   "*** 6. OUTPUT with trained weights for the novel input: { 1, 0, 0 } => "

   (15)  [0.9999999999_9934103968]


real 10.64
user 10.38
sys 0.05
